// Jest Snapshot v1, https://goo.gl/fbAQLP

exports[`check if app renders correclty 1`] = `
<div
  className="App"
>
  <header
    className="App-header"
  >
    <img
      alt="logo"
      className="App-logo"
      src="logo.svg"
    />
    <p>
      0
    </p>
    <a
      className="App-link"
      href="https://reactjs.org"
      onClick={[Function]}
      rel="noopener noreferrer"
      target="_blank"
    >
      Learn React
    </a>
  </header>
</div>
`;
